Requirement already satisfied: librosa in C:\Users\user\miniconda3\Lib\site-packages (from -r requirements.txt (line 1)) (0.11.0)
Requirement already satisfied: matplotlib in C:\Users\user\miniconda3\Lib\site-packages (from -r requirements.txt (line 2)) (3.11.1)
Requirement already satisfied: numpy in C:\Users\user\miniconda3\Lib\site-packages (from -r requirements.txt (line 3)) (2.4.6)
Requirement already satisfied: audioread>=2.1.9 in C:\Users\user\miniconda3\Lib\site-packages (from librosa->-r requirements.txt (line 1)) (3.1.0)
Requirement already satisfied: numba>=0.51.0 in C:\Users\user\miniconda3\Lib\site-packages (from librosa->-r requirements.txt (line 1)) (0.66.0)
Requirement already satisfied: scipy>=1.6.0 in C:\Users\user\miniconda3\Lib\site-packages (from librosa->-r requirements.txt (line 1)) (1.18.0)
Requirement already satisfied: scikit-learn>=1.1.0 in C:\Users\user\miniconda3\Lib\site-packages (from librosa->-r requirements.txt (line 1)) (1.9.0)
Requirement already satisfied: joblib>=1.0 in C:\Users\user\miniconda3\Lib\site-packages (from librosa->-r requirements.txt (line 1)) (1.5.3)
Requirement already satisfied: decorator>=4.3.0 in C:\Users\user\AppData\Roaming\Python\Python313\site-packages (from librosa->-r requirements.txt (line 1)) (5.2.1)
Requirement already satisfied: soundfile>=0.12.1 in C:\Users\user\miniconda3\Lib\site-packages (from librosa->-r requirements.txt (line 1)) (0.14.0)
Requirement already satisfied: pooch>=1.1 in C:\Users\user\miniconda3\Lib\site-packages (from librosa->-r requirements.txt (line 1)) (1.9.0)
Requirement already satisfied: soxr>=0.3.2 in C:\Users\user\miniconda3\Lib\site-packages (from librosa->-r requirements.txt (line 1)) (1.1.0)
Requirement already satisfied: typing_extensions>=4.1.1 in C:\Users\user\miniconda3\Lib\site-packages (from librosa->-r requirements.txt (line 1)) (4.15.0)
Requirement already satisfied: lazy_loader>=0.1 in C:\Users\user\miniconda3\Lib\site-packages (from librosa->-r requirements.txt (line 1)) (0.5)
Requirement already satisfied: msgpack>=1.0 in C:\Users\user\miniconda3\Lib\site-packages (from librosa->-r requirements.txt (line 1)) (1.1.1)
Requirement already satisfied: standard-aifc in C:\Users\user\miniconda3\Lib\site-packages (from librosa->-r requirements.txt (line 1)) (3.13.0)
Requirement already satisfied: standard-sunau in C:\Users\user\miniconda3\Lib\site-packages (from librosa->-r requirements.txt (line 1)) (3.13.0)
Requirement already satisfied: contourpy>=1.0.1 in C:\Users\user\miniconda3\Lib\site-packages (from matplotlib->-r requirements.txt (line 2)) (1.3.3)
Requirement already satisfied: cycler>=0.10 in C:\Users\user\miniconda3\Lib\site-packages (from matplotlib->-r requirements.txt (line 2)) (0.12.1)
Requirement already satisfied: fonttools>=4.28.2 in C:\Users\user\miniconda3\Lib\site-packages (from matplotlib->-r requirements.txt (line 2)) (4.63.0)
Requirement already satisfied: kiwisolver>=1.3.1 in C:\Users\user\miniconda3\Lib\site-packages (from matplotlib->-r requirements.txt (line 2)) (1.5.0)
Requirement already satisfied: packaging>=20.0 in C:\Users\user\miniconda3\Lib\site-packages (from matplotlib->-r requirements.txt (line 2)) (25.0)
Requirement already satisfied: pillow>=9 in C:\Users\user\miniconda3\Lib\site-packages (from matplotlib->-r requirements.txt (line 2)) (12.3.0)
Requirement already satisfied: pyparsing>=3 in C:\Users\user\miniconda3\Lib\site-packages (from matplotlib->-r requirements.txt (line 2)) (3.3.2)
Requirement already satisfied: python-dateutil>=2.7 in C:\Users\user\miniconda3\Lib\site-packages (from matplotlib->-r requirements.txt (line 2)) (2.9.0.post0)
Requirement already satisfied: llvmlite<0.49,>=0.48.0dev0 in C:\Users\user\miniconda3\Lib\site-packages (from numba>=0.51.0->librosa->-r requirements.txt (line 1)) (0.48.0)
Requirement already satisfied: platformdirs>=2.5.0 in C:\Users\user\AppData\Roaming\Python\Python313\site-packages (from pooch>=1.1->librosa->-r requirements.txt (line 1)) (4.9.4)
Requirement already satisfied: requests>=2.19.0 in C:\Users\user\miniconda3\Lib\site-packages (from pooch>=1.1->librosa->-r requirements.txt (line 1)) (2.32.5)
Requirement already satisfied: six>=1.5 in C:\Users\user\miniconda3\Lib\site-packages (from python-dateutil>=2.7->matplotlib->-r requirements.txt (line 2)) (1.17.0)
Requirement already satisfied: charset_normalizer<4,>=2 in C:\Users\user\miniconda3\Lib\site-packages (from requests>=2.19.0->pooch>=1.1->librosa->-r requirements.txt (line 1)) (3.4.4)
Requirement already satisfied: idna<4,>=2.5 in C:\Users\user\miniconda3\Lib\site-packages (from requests>=2.19.0->pooch>=1.1->librosa->-r requirements.txt (line 1)) (3.11)
Requirement already satisfied: urllib3<3,>=1.21.1 in C:\Users\user\miniconda3\Lib\site-packages (from requests>=2.19.0->pooch>=1.1->librosa->-r requirements.txt (line 1)) (2.6.3)
Requirement already satisfied: certifi>=2017.4.17 in C:\Users\user\miniconda3\Lib\site-packages (from requests>=2.19.0->pooch>=1.1->librosa->-r requirements.txt (line 1)) (2026.1.4)
Requirement already satisfied: narwhals>=2.0.1 in C:\Users\user\miniconda3\Lib\site-packages (from scikit-learn>=1.1.0->librosa->-r requirements.txt (line 1)) (2.24.0)
Requirement already satisfied: threadpoolctl>=3.5.0 in C:\Users\user\miniconda3\Lib\site-packages (from scikit-learn>=1.1.0->librosa->-r requirements.txt (line 1)) (3.6.0)
Requirement already satisfied: cffi>=1.0 in C:\Users\user\miniconda3\Lib\site-packages (from soundfile>=0.12.1->librosa->-r requirements.txt (line 1)) (2.0.0)
Requirement already satisfied: pycparser in C:\Users\user\miniconda3\Lib\site-packages (from cffi>=1.0->soundfile>=0.12.1->librosa->-r requirements.txt (line 1)) (2.23)
Requirement already satisfied: standard-chunk in C:\Users\user\miniconda3\Lib\site-packages (from standard-aifc->librosa->-r requirements.txt (line 1)) (3.13.0)
Requirement already satisfied: audioop-lts in C:\Users\user\miniconda3\Lib\site-packages (from standard-aifc->librosa->-r requirements.txt (line 1)) (0.2.2)
